// Jest Snapshot v1, https://goo.gl/fbAQLP

exports[`Layout renders correctly 1`] = `
<div
  className="layout"
>
  test
</div>
`;

exports[`Layout with socialImage renders correctly with socialImage 1`] = `
<div
  className="layout"
>
  test
</div>
`;
